###############################################################################
#
# IAR ELF Linker V8.40.2.214/W32 for ARM                  23/Dec/2019  21:46:52
# Copyright 2007-2019 IAR Systems AB.
#
#    Output file  =
#        C:\Baby\test02\exam\ett\Micrium\Software\EvalBoards\ST\STM3210B-EVAL\IAR\OS-Probe\Flash\Exe\STM3210B-EVAL-OS-Probe-v5.out
#    Map file     =
#        C:\Baby\test02\exam\ett\Micrium\Software\EvalBoards\ST\STM3210B-EVAL\IAR\OS-Probe\Flash\List\STM3210B-EVAL-OS-Probe-v5.map
#    Command line =
#        -f C:\Users\hn829\AppData\Local\Temp\EW9A7C.tmp
#        (C:\Baby\test02\exam\ett\Micrium\Software\EvalBoards\ST\STM3210B-EVAL\IAR\OS-Probe\Flash\Obj\app.o
#        C:\Baby\test02\exam\ett\Micrium\Software\EvalBoards\ST\STM3210B-EVAL\IAR\OS-Probe\Flash\Obj\app_vect_v5.o
#        C:\Baby\test02\exam\ett\Micrium\Software\EvalBoards\ST\STM3210B-EVAL\IAR\OS-Probe\Flash\Obj\bsp.o
#        C:\Baby\test02\exam\ett\Micrium\Software\EvalBoards\ST\STM3210B-EVAL\IAR\OS-Probe\Flash\Obj\bsp_int.o
#        C:\Baby\test02\exam\ett\Micrium\Software\EvalBoards\ST\STM3210B-EVAL\IAR\OS-Probe\Flash\Obj\bsp_periph.o
#        C:\Baby\test02\exam\ett\Micrium\Software\EvalBoards\ST\STM3210B-EVAL\IAR\OS-Probe\Flash\Obj\cpu_a.o
#        C:\Baby\test02\exam\ett\Micrium\Software\EvalBoards\ST\STM3210B-EVAL\IAR\OS-Probe\Flash\Obj\cpu_c.o
#        C:\Baby\test02\exam\ett\Micrium\Software\EvalBoards\ST\STM3210B-EVAL\IAR\OS-Probe\Flash\Obj\lib_mem.o
#        C:\Baby\test02\exam\ett\Micrium\Software\EvalBoards\ST\STM3210B-EVAL\IAR\OS-Probe\Flash\Obj\lib_mem_a.o
#        C:\Baby\test02\exam\ett\Micrium\Software\EvalBoards\ST\STM3210B-EVAL\IAR\OS-Probe\Flash\Obj\lib_str.o
#        C:\Baby\test02\exam\ett\Micrium\Software\EvalBoards\ST\STM3210B-EVAL\IAR\OS-Probe\Flash\Obj\os_core.o
#        C:\Baby\test02\exam\ett\Micrium\Software\EvalBoards\ST\STM3210B-EVAL\IAR\OS-Probe\Flash\Obj\os_cpu_a.o
#        C:\Baby\test02\exam\ett\Micrium\Software\EvalBoards\ST\STM3210B-EVAL\IAR\OS-Probe\Flash\Obj\os_cpu_c.o
#        C:\Baby\test02\exam\ett\Micrium\Software\EvalBoards\ST\STM3210B-EVAL\IAR\OS-Probe\Flash\Obj\os_dbg.o
#        C:\Baby\test02\exam\ett\Micrium\Software\EvalBoards\ST\STM3210B-EVAL\IAR\OS-Probe\Flash\Obj\os_flag.o
#        C:\Baby\test02\exam\ett\Micrium\Software\EvalBoards\ST\STM3210B-EVAL\IAR\OS-Probe\Flash\Obj\os_mbox.o
#        C:\Baby\test02\exam\ett\Micrium\Software\EvalBoards\ST\STM3210B-EVAL\IAR\OS-Probe\Flash\Obj\os_mem.o
#        C:\Baby\test02\exam\ett\Micrium\Software\EvalBoards\ST\STM3210B-EVAL\IAR\OS-Probe\Flash\Obj\os_mutex.o
#        C:\Baby\test02\exam\ett\Micrium\Software\EvalBoards\ST\STM3210B-EVAL\IAR\OS-Probe\Flash\Obj\os_probe.o
#        C:\Baby\test02\exam\ett\Micrium\Software\EvalBoards\ST\STM3210B-EVAL\IAR\OS-Probe\Flash\Obj\os_q.o
#        C:\Baby\test02\exam\ett\Micrium\Software\EvalBoards\ST\STM3210B-EVAL\IAR\OS-Probe\Flash\Obj\os_sem.o
#        C:\Baby\test02\exam\ett\Micrium\Software\EvalBoards\ST\STM3210B-EVAL\IAR\OS-Probe\Flash\Obj\os_task.o
#        C:\Baby\test02\exam\ett\Micrium\Software\EvalBoards\ST\STM3210B-EVAL\IAR\OS-Probe\Flash\Obj\os_time.o
#        C:\Baby\test02\exam\ett\Micrium\Software\EvalBoards\ST\STM3210B-EVAL\IAR\OS-Probe\Flash\Obj\os_tmr.o
#        C:\Baby\test02\exam\ett\Micrium\Software\EvalBoards\ST\STM3210B-EVAL\IAR\OS-Probe\Flash\Obj\probe_com.o
#        C:\Baby\test02\exam\ett\Micrium\Software\EvalBoards\ST\STM3210B-EVAL\IAR\OS-Probe\Flash\Obj\probe_com_os.o
#        C:\Baby\test02\exam\ett\Micrium\Software\EvalBoards\ST\STM3210B-EVAL\IAR\OS-Probe\Flash\Obj\stm32f10x_adc.o
#        C:\Baby\test02\exam\ett\Micrium\Software\EvalBoards\ST\STM3210B-EVAL\IAR\OS-Probe\Flash\Obj\stm32f10x_bkp.o
#        C:\Baby\test02\exam\ett\Micrium\Software\EvalBoards\ST\STM3210B-EVAL\IAR\OS-Probe\Flash\Obj\stm32f10x_exti.o
#        C:\Baby\test02\exam\ett\Micrium\Software\EvalBoards\ST\STM3210B-EVAL\IAR\OS-Probe\Flash\Obj\stm32f10x_flash.o
#        C:\Baby\test02\exam\ett\Micrium\Software\EvalBoards\ST\STM3210B-EVAL\IAR\OS-Probe\Flash\Obj\stm32f10x_gpio.o
#        C:\Baby\test02\exam\ett\Micrium\Software\EvalBoards\ST\STM3210B-EVAL\IAR\OS-Probe\Flash\Obj\stm32f10x_HC-SR04.o
#        C:\Baby\test02\exam\ett\Micrium\Software\EvalBoards\ST\STM3210B-EVAL\IAR\OS-Probe\Flash\Obj\stm32f10x_i2c.o
#        C:\Baby\test02\exam\ett\Micrium\Software\EvalBoards\ST\STM3210B-EVAL\IAR\OS-Probe\Flash\Obj\stm32f10x_lib.o
#        C:\Baby\test02\exam\ett\Micrium\Software\EvalBoards\ST\STM3210B-EVAL\IAR\OS-Probe\Flash\Obj\stm32f10x_nvic.o
#        C:\Baby\test02\exam\ett\Micrium\Software\EvalBoards\ST\STM3210B-EVAL\IAR\OS-Probe\Flash\Obj\stm32f10x_pwr.o
#        C:\Baby\test02\exam\ett\Micrium\Software\EvalBoards\ST\STM3210B-EVAL\IAR\OS-Probe\Flash\Obj\stm32f10x_rcc.o
#        C:\Baby\test02\exam\ett\Micrium\Software\EvalBoards\ST\STM3210B-EVAL\IAR\OS-Probe\Flash\Obj\stm32f10x_rtc.o
#        C:\Baby\test02\exam\ett\Micrium\Software\EvalBoards\ST\STM3210B-EVAL\IAR\OS-Probe\Flash\Obj\stm32f10x_spi.o
#        C:\Baby\test02\exam\ett\Micrium\Software\EvalBoards\ST\STM3210B-EVAL\IAR\OS-Probe\Flash\Obj\stm32f10x_systick.o
#        C:\Baby\test02\exam\ett\Micrium\Software\EvalBoards\ST\STM3210B-EVAL\IAR\OS-Probe\Flash\Obj\stm32f10x_tim.o
#        C:\Baby\test02\exam\ett\Micrium\Software\EvalBoards\ST\STM3210B-EVAL\IAR\OS-Probe\Flash\Obj\stm32f10x_usart.o
#        --redirect _Printf=_PrintfFullNoMb --redirect _Scanf=_ScanfFullNoMb
#        --no_out_extension -o
#        C:\Baby\test02\exam\ett\Micrium\Software\EvalBoards\ST\STM3210B-EVAL\IAR\OS-Probe\Flash\Exe\STM3210B-EVAL-OS-Probe-v5.out
#        --map
#        C:\Baby\test02\exam\ett\Micrium\Software\EvalBoards\ST\STM3210B-EVAL\IAR\OS-Probe\Flash\List\STM3210B-EVAL-OS-Probe-v5.map
#        --config
#        C:\Baby\test02\exam\ett\Micrium\Software\EvalBoards\ST\STM3210B-EVAL\IAR\OS-Probe\..\BSP\STM32_Flash.icf
#        --semihosting --entry __iar_program_start --vfe --text_out locale)
#
###############################################################################

*******************************************************************************
*** RUNTIME MODEL ATTRIBUTES
***

CppFlavor       = *
__SystemLibrary = DLib
__dlib_version  = 6


*******************************************************************************
*** HEAP SELECTION
***

The basic heap was selected because some modules are built with
size limitations (and not runtime checking), and --advanced_heap
was not specified.


*******************************************************************************
*** PLACEMENT SUMMARY
***

"A0":  place at start of [from 0x800'0000 to 0x801'ffff] { ro section .intvec };
"P1":  place in [from 0x800'0000 to 0x801'ffff] { ro };
define block HEAP with size = 0, alignment = 8 { };
define block CSTACK with size = 256, alignment = 8 { };
"P2":  place in [from 0x2000'0000 to 0x2000'1fff] {
          rw, block HEAP, block CSTACK };
initialize by copy { rw };

  Section            Kind         Address    Size  Object
  -------            ----         -------    ----  ------
"A0":                                        0xec
  .intvec            const     0x800'0000    0xec  app_vect_v5.o [1]
                             - 0x800'00ec    0xec

"P1":                                      0x22b9
  .text              ro code   0x800'00ec   0x608  os_core.o [1]
  CODE               ro code   0x800'06f4    0xa0  os_cpu_a.o [1]
  .text              ro code   0x800'0794    0xe4  os_cpu_c.o [1]
  .text              ro code   0x800'0878     0x6  ABImemclr.o [4]
  .text              ro code   0x800'087e    0x3a  zero_init3.o [4]
  .text              ro code   0x800'08b8    0x40  os_flag.o [1]
  .text              ro code   0x800'08f8   0x220  os_task.o [1]
  .text              ro code   0x800'0b18     0x2  os_dbg.o [1]
  .rodata            const     0x800'0b1a     0x2  os_dbg.o [1]
  .text              ro code   0x800'0b1c    0xa0  os_time.o [1]
  .text              ro code   0x800'0bbc   0x518  app.o [1]
  .text              ro code   0x800'10d4   0x1d8  bsp.o [1]
  .text              ro code   0x800'12ac    0x12  ABImemset_small.o [4]
  .rodata            const     0x800'12be     0x2  os_dbg.o [1]
  .text              ro code   0x800'12c0     0x6  ABImemclr4.o [4]
  .rodata            const     0x800'12c6     0x2  os_dbg.o [1]
  .text              ro code   0x800'12c8    0x1e  U64Shr.o [4]
  .rodata            const     0x800'12e6     0x2  os_dbg.o [1]
  .text              ro code   0x800'12e8    0xd0  stm32f10x_gpio.o [1]
  .text              ro code   0x800'13b8   0x208  stm32f10x_rcc.o [1]
  .text              ro code   0x800'15c0    0xe4  bsp_int.o [1]
  .text              ro code   0x800'16a4   0x130  stm32f10x_HC-SR04.o [1]
  .text              ro code   0x800'17d4   0x19c  os_probe.o [1]
  .text              ro code   0x800'1970    0x20  probe_com.o [1]
  .text              ro code   0x800'1990   0x170  os_mbox.o [1]
  .text              ro code   0x800'1b00    0x24  stm32f10x_flash.o [1]
  .text              ro code   0x800'1b24    0xe8  stm32f10x_adc.o [1]
  .text              ro code   0x800'1c0c   0x2f6  stm32f10x_tim.o [1]
  .rodata            const     0x800'1f02     0x2  os_dbg.o [1]
  .text              ro code   0x800'1f04    0x32  ABImemset48.o [4]
  .rodata            const     0x800'1f36     0x2  os_dbg.o [1]
  CODE               ro code   0x800'1f38    0x2a  cpu_a.o [1]
  .rodata            const     0x800'1f62     0x2  os_dbg.o [1]
  .text              ro code   0x800'1f64    0x1c  U32ToFlt.o [3]
  .text              ro code   0x800'1f80    0xfc  FltDiv.o [3]
  .rodata            const     0x800'207c   0x100  os_core.o [1]
  .text              ro code   0x800'217c    0x38  packbits_init_single.o [4]
  .text              ro code   0x800'21b4    0x28  data_init.o [4]
  .iar.init_table    const     0x800'21dc    0x20  - Linker created -
  .text              ro code   0x800'21fc    0x1e  cmain.o [4]
  .text              ro code   0x800'221a     0x4  low_level_init.o [2]
  .text              ro code   0x800'221e     0x4  exit.o [2]
  .rodata            const     0x800'2222     0x2  os_dbg.o [1]
  .text              ro code   0x800'2224     0xa  cexit.o [4]
  .rodata            const     0x800'222e     0x2  os_dbg.o [1]
  .text              ro code   0x800'2230    0x14  exit.o [5]
  .text              ro code   0x800'2244     0xc  app_vect_v5.o [1]
  .text              ro code   0x800'2250     0xc  cstartup_M.o [4]
  .rodata            const     0x800'225c     0x4  os_dbg.o [1]
  .rodata            const     0x800'2260     0x2  os_dbg.o [1]
  .rodata            const     0x800'2262     0x2  os_dbg.o [1]
  .rodata            const     0x800'2264     0x2  os_dbg.o [1]
  .rodata            const     0x800'2266     0x2  os_dbg.o [1]
  .rodata            const     0x800'2268     0x2  os_dbg.o [1]
  .rodata            const     0x800'226a     0x2  os_dbg.o [1]
  .rodata            const     0x800'226c     0x2  os_dbg.o [1]
  .rodata            const     0x800'226e     0x2  os_dbg.o [1]
  .rodata            const     0x800'2270     0x2  os_dbg.o [1]
  .rodata            const     0x800'2272     0x2  os_dbg.o [1]
  .rodata            const     0x800'2274     0x2  os_dbg.o [1]
  .rodata            const     0x800'2276     0x2  os_dbg.o [1]
  .rodata            const     0x800'2278     0x2  os_dbg.o [1]
  .rodata            const     0x800'227a     0x2  os_dbg.o [1]
  .rodata            const     0x800'227c     0x2  os_dbg.o [1]
  .rodata            const     0x800'227e     0x2  os_dbg.o [1]
  .rodata            const     0x800'2280     0x2  os_dbg.o [1]
  .rodata            const     0x800'2282     0x2  os_dbg.o [1]
  .rodata            const     0x800'2284     0x2  os_dbg.o [1]
  .rodata            const     0x800'2286     0x2  os_dbg.o [1]
  .rodata            const     0x800'2288     0x2  os_dbg.o [1]
  .rodata            const     0x800'228a     0x2  os_dbg.o [1]
  .rodata            const     0x800'228c     0x2  os_dbg.o [1]
  .rodata            const     0x800'228e     0x2  os_dbg.o [1]
  .rodata            const     0x800'2290     0x2  os_dbg.o [1]
  .rodata            const     0x800'2292     0x2  os_dbg.o [1]
  .rodata            const     0x800'2294     0x2  os_dbg.o [1]
  .rodata            const     0x800'2296     0x2  os_dbg.o [1]
  .rodata            const     0x800'2298     0x2  os_dbg.o [1]
  .rodata            const     0x800'229a     0x2  os_dbg.o [1]
  .rodata            const     0x800'229c     0x2  os_dbg.o [1]
  .rodata            const     0x800'229e     0x2  os_dbg.o [1]
  .rodata            const     0x800'22a0     0x2  os_dbg.o [1]
  .rodata            const     0x800'22a2     0x2  os_dbg.o [1]
  .rodata            const     0x800'22a4     0x2  os_dbg.o [1]
  .rodata            const     0x800'22a6     0x0  zero_init3.o [4]
  .rodata            const     0x800'22a6     0x0  packbits_init_single.o [4]
  Initializer bytes  const     0x800'22a6    0xff  <for P2-1>
                             - 0x800'23a5  0x22b9

"P2", part 1 of 3:                          0x14c
  P2-1                        0x2000'0000   0x14c  <Init block>
    .data            inited   0x2000'0000    0x1c  app.o [1]
    .data            inited   0x2000'001c   0x130  app.o [1]
                            - 0x2000'014c   0x14c

"P2", part 2 of 3:                         0x1830
  .bss               zero     0x2000'014c   0xd60  os_core.o [1]
  .bss               zero     0x2000'0eac   0x400  app.o [1]
  .bss               zero     0x2000'12ac   0x20c  os_probe.o [1]
  .bss               zero     0x2000'14b8   0x190  app.o [1]
  .bss               zero     0x2000'1648   0x140  os_probe.o [1]
  .bss               zero     0x2000'1788    0xa8  bsp_int.o [1]
  .bss               zero     0x2000'1830    0x8c  os_core.o [1]
  .bss               zero     0x2000'18bc    0x80  os_core.o [1]
  .bss               zero     0x2000'193c    0x1c  probe_com.o [1]
  .bss               zero     0x2000'1958    0x18  app.o [1]
  .bss               zero     0x2000'1970     0x8  stm32f10x_rcc.o [1]
  .bss               zero     0x2000'1978     0x4  os_core.o [1]
                            - 0x2000'197c  0x1830

"P2", part 3 of 3:                          0x100
  CSTACK                      0x2000'1980   0x100  <Block>
    CSTACK           uninit   0x2000'1980   0x100  <Block tail>
                            - 0x2000'1a80   0x100

Unused ranges:

         From           To      Size
         ----           --      ----
   0x800'23a5   0x801'ffff  0x1'dc5b
  0x2000'197c  0x2000'197f       0x4
  0x2000'1a80  0x2000'1fff     0x580


*******************************************************************************
*** INIT TABLE
***

          Address      Size
          -------      ----
Zero (__iar_zero_init3)
    1 destination range, total size 0x1830:
          0x2000'014c  0x1830

Copy/packbits (__iar_packbits_init_single3)
    1 source range, total size 0xff (76% of destination):
           0x800'22a6    0xff
    1 destination range, total size 0x14c:
          0x2000'0000   0x14c



*******************************************************************************
*** MODULE SUMMARY
***

    Module                  ro code  ro data  rw data
    ------                  -------  -------  -------
command line/config:
    -------------------------------------------------
    Total:

C:\Baby\test02\exam\ett\Micrium\Software\EvalBoards\ST\STM3210B-EVAL\IAR\OS-Probe\Flash\Obj: [1]
    app.o                     1'304      255    1'780
    app_vect_v5.o                12      236
    bsp.o                       472
    bsp_int.o                   228               168
    cpu_a.o                      42
    os_core.o                 1'544      256    3'696
    os_cpu_a.o                  160
    os_cpu_c.o                  228
    os_dbg.o                      2       92
    os_flag.o                    64
    os_mbox.o                   368
    os_probe.o                  412               844
    os_task.o                   544
    os_time.o                   160
    probe_com.o                  32                28
    stm32f10x_HC-SR04.o         304
    stm32f10x_adc.o             232
    stm32f10x_flash.o            36
    stm32f10x_gpio.o            208
    stm32f10x_rcc.o             520                 8
    stm32f10x_tim.o             758
    -------------------------------------------------
    Total:                    7'630      839    6'524

dl7M_tln.a: [2]
    exit.o                        4
    low_level_init.o              4
    -------------------------------------------------
    Total:                        8

m7M_tl.a: [3]
    FltDiv.o                    252
    U32ToFlt.o                   28
    -------------------------------------------------
    Total:                      280

rt7M_tl.a: [4]
    ABImemclr.o                   6
    ABImemclr4.o                  6
    ABImemset48.o                50
    ABImemset_small.o            18
    U64Shr.o                     30
    cexit.o                      10
    cmain.o                      30
    cstartup_M.o                 12
    data_init.o                  40
    packbits_init_single.o       56
    zero_init3.o                 58
    -------------------------------------------------
    Total:                      316

shb_l.a: [5]
    exit.o                       20
    -------------------------------------------------
    Total:                       20

    Linker created                        32      256
-----------------------------------------------------
    Grand Total:              8'254      871    6'780


*******************************************************************************
*** ENTRY LIST
***

Entry                       Address   Size  Type      Object
-----                       -------   ----  ----      ------
.iar.init_table$$Base    0x800'21dc          --   Gb  - Linker created -
.iar.init_table$$Limit   0x800'21fc          --   Gb  - Linker created -
?main                    0x800'21fd         Code  Gb  cmain.o [4]
ADCPrescTable            0x800'15bc    0x4  Data  Lc  stm32f10x_rcc.o [1]
ADC_Cmd                  0x800'1b63   0x12  Code  Gb  stm32f10x_adc.o [1]
ADC_Init                 0x800'1b25   0x3e  Code  Gb  stm32f10x_adc.o [1]
ADC_RegularChannelConfig
                         0x800'1b87   0x40  Code  Gb  stm32f10x_adc.o [1]
ADC_SoftwareStartConvCmd
                         0x800'1b75   0x12  Code  Gb  stm32f10x_adc.o [1]
APBAHBPrescTable         0x800'15ac   0x10  Data  Lc  stm32f10x_rcc.o [1]
App_BusFault_ISR         0x800'2249    0x2  Code  Lc  app_vect_v5.o [1]
App_Fault_ISR            0x800'2247    0x2  Code  Lc  app_vect_v5.o [1]
App_InputTask            0x800'1001   0x24  Code  Lc  app.o [1]
App_InputTaskStk        0x2000'10ac  0x200  Data  Lc  app.o [1]
App_MemFault_ISR         0x800'224d    0x2  Code  Lc  app_vect_v5.o [1]
App_NMI_ISR              0x800'2245    0x2  Code  Lc  app_vect_v5.o [1]
App_ProbeCallback        0x800'1031   0x3a  Code  Lc  app.o [1]
App_ProbeComCtrLast     0x2000'1968    0x4  Data  Lc  app.o [1]
App_ProbeComRxPktLast   0x2000'1958    0x4  Data  Lc  app.o [1]
App_ProbeComTxPktLast   0x2000'195c    0x4  Data  Lc  app.o [1]
App_ProbeComTxSymByteLast
                        0x2000'1964    0x4  Data  Lc  app.o [1]
App_ProbeComTxSymLast   0x2000'1960    0x4  Data  Lc  app.o [1]
App_ProbeCounts         0x2000'196c    0x4  Data  Lc  app.o [1]
App_Spurious_ISR         0x800'224f    0x2  Code  Lc  app_vect_v5.o [1]
App_TCBInitHook          0x800'10a5    0x2  Code  Gb  app.o [1]
App_TaskCreateHook       0x800'1099    0x4  Code  Gb  app.o [1]
App_TaskIdleHook         0x800'109d    0x2  Code  Gb  app.o [1]
App_TaskStatHook         0x800'109f    0x2  Code  Gb  app.o [1]
App_TaskSwHook           0x800'10a1    0x4  Code  Gb  app.o [1]
App_TetrisTask           0x800'0ed1  0x124  Code  Lc  app.o [1]
App_TetrisTaskStk       0x2000'0eac  0x200  Data  Lc  app.o [1]
App_TimeTickHook         0x800'10a7    0x4  Code  Gb  app.o [1]
App_UsageFault_ISR       0x800'224b    0x2  Code  Lc  app_vect_v5.o [1]
App_UserIFMbox          0x2000'0018    0x4  Data  Lc  app.o [1]
BSP_Init                 0x800'10d5  0x11c  Code  Gb  bsp.o [1]
BSP_IntDisAll            0x800'15c1    0x4  Code  Gb  bsp_int.o [1]
BSP_IntHandler           0x800'166f   0x2c  Code  Lc  bsp_int.o [1]
BSP_IntHandlerADC1_2     0x800'160d    0x4  Code  Gb  bsp_int.o [1]
BSP_IntHandlerCAN_RX1    0x800'1619    0x4  Code  Gb  bsp_int.o [1]
BSP_IntHandlerCAN_SCE    0x800'161d    0x4  Code  Gb  bsp_int.o [1]
BSP_IntHandlerDMA1_CH1   0x800'15f1    0x4  Code  Gb  bsp_int.o [1]
BSP_IntHandlerDMA1_CH2   0x800'15f5    0x4  Code  Gb  bsp_int.o [1]
BSP_IntHandlerDMA1_CH3   0x800'15f9    0x4  Code  Gb  bsp_int.o [1]
BSP_IntHandlerDMA1_CH4   0x800'15fd    0x4  Code  Gb  bsp_int.o [1]
BSP_IntHandlerDMA1_CH5   0x800'1601    0x4  Code  Gb  bsp_int.o [1]
BSP_IntHandlerDMA1_CH6   0x800'1605    0x4  Code  Gb  bsp_int.o [1]
BSP_IntHandlerDMA1_CH7   0x800'1609    0x4  Code  Gb  bsp_int.o [1]
BSP_IntHandlerEXTI0      0x800'15dd    0x4  Code  Gb  bsp_int.o [1]
BSP_IntHandlerEXTI1      0x800'15e1    0x4  Code  Gb  bsp_int.o [1]
BSP_IntHandlerEXTI15_10
                         0x800'1665    0x4  Code  Gb  bsp_int.o [1]
BSP_IntHandlerEXTI2      0x800'15e5    0x4  Code  Gb  bsp_int.o [1]
BSP_IntHandlerEXTI3      0x800'15e9    0x4  Code  Gb  bsp_int.o [1]
BSP_IntHandlerEXTI4      0x800'15ed    0x4  Code  Gb  bsp_int.o [1]
BSP_IntHandlerEXTI9_5    0x800'1621    0x4  Code  Gb  bsp_int.o [1]
BSP_IntHandlerFLASH      0x800'15d5    0x4  Code  Gb  bsp_int.o [1]
BSP_IntHandlerI2C1_ER    0x800'1645    0x4  Code  Gb  bsp_int.o [1]
BSP_IntHandlerI2C1_EV    0x800'1641    0x4  Code  Gb  bsp_int.o [1]
BSP_IntHandlerI2C2_ER    0x800'164d    0x4  Code  Gb  bsp_int.o [1]
BSP_IntHandlerI2C2_EV    0x800'1649    0x4  Code  Gb  bsp_int.o [1]
BSP_IntHandlerPVD        0x800'15c9    0x4  Code  Gb  bsp_int.o [1]
BSP_IntHandlerRCC        0x800'15d9    0x4  Code  Gb  bsp_int.o [1]
BSP_IntHandlerRTC        0x800'15d1    0x4  Code  Gb  bsp_int.o [1]
BSP_IntHandlerRTCAlarm   0x800'1669    0x4  Code  Gb  bsp_int.o [1]
BSP_IntHandlerSPI1       0x800'1651    0x4  Code  Gb  bsp_int.o [1]
BSP_IntHandlerSPI2       0x800'1655    0x4  Code  Gb  bsp_int.o [1]
BSP_IntHandlerTAMPER     0x800'15cd    0x4  Code  Gb  bsp_int.o [1]
BSP_IntHandlerTIM1_BRK   0x800'1625    0x4  Code  Gb  bsp_int.o [1]
BSP_IntHandlerTIM1_CC    0x800'1631    0x4  Code  Gb  bsp_int.o [1]
BSP_IntHandlerTIM1_TRG_COM
                         0x800'162d    0x4  Code  Gb  bsp_int.o [1]
BSP_IntHandlerTIM1_UP    0x800'1629    0x4  Code  Gb  bsp_int.o [1]
BSP_IntHandlerTIM2       0x800'1635    0x4  Code  Gb  bsp_int.o [1]
BSP_IntHandlerTIM3       0x800'1639    0x4  Code  Gb  bsp_int.o [1]
BSP_IntHandlerTIM4       0x800'163d    0x4  Code  Gb  bsp_int.o [1]
BSP_IntHandlerUSART1     0x800'1659    0x4  Code  Gb  bsp_int.o [1]
BSP_IntHandlerUSART2     0x800'165d    0x4  Code  Gb  bsp_int.o [1]
BSP_IntHandlerUSART3     0x800'1661    0x4  Code  Gb  bsp_int.o [1]
BSP_IntHandlerUSBWakeUp
                         0x800'166d    0x2  Code  Gb  bsp_int.o [1]
BSP_IntHandlerUSB_HP_CAN_TX
                         0x800'1611    0x4  Code  Gb  bsp_int.o [1]
BSP_IntHandlerUSB_LP_CAN_RX0
                         0x800'1615    0x4  Code  Gb  bsp_int.o [1]
BSP_IntHandlerWWDG       0x800'15c5    0x4  Code  Gb  bsp_int.o [1]
BSP_IntVectTbl          0x2000'1788   0xa8  Data  Lc  bsp_int.o [1]
BSP_PB_GetStatus         0x800'121b   0x32  Code  Gb  bsp.o [1]
CPU_CntLeadZeros         0x800'1f4f         Code  Gb  cpu_a.o [1]
CPU_IntDis               0x800'1f39         Code  Gb  cpu_a.o [1]
CPU_IntEn                0x800'1f3d         Code  Gb  cpu_a.o [1]
CPU_RevBits              0x800'1f55         Code  Gb  cpu_a.o [1]
CPU_SR_Restore           0x800'1f49         Code  Gb  cpu_a.o [1]
CPU_SR_Save              0x800'1f41         Code  Gb  cpu_a.o [1]
CPU_WaitForExcept        0x800'1f5f         Code  Gb  cpu_a.o [1]
CPU_WaitForInt           0x800'1f5b         Code  Gb  cpu_a.o [1]
CSTACK$$Base            0x2000'1980          --   Gb  - Linker created -
CSTACK$$Limit           0x2000'1a80          --   Gb  - Linker created -
DrawBoard                0x800'0bbd   0x6a  Code  Gb  app.o [1]
EnableHCSR04PeriphClock
                         0x800'0e2b   0x26  Code  Gb  app.o [1]
FLASH_PrefetchBufferCmd
                         0x800'1b15    0xa  Code  Gb  stm32f10x_flash.o [1]
FLASH_SetLatency         0x800'1b01    0xa  Code  Gb  stm32f10x_flash.o [1]
GPIO_Init                0x800'12e9   0xba  Code  Gb  stm32f10x_gpio.o [1]
GPIO_ReadInputDataBit    0x800'13a3    0xe  Code  Gb  stm32f10x_gpio.o [1]
GPIO_ResetBits           0x800'13b5    0x4  Code  Gb  stm32f10x_gpio.o [1]
GPIO_SetBits             0x800'13b1    0x4  Code  Gb  stm32f10x_gpio.o [1]
GetAround                0x800'0cc7   0x3a  Code  Gb  app.o [1]
HCSR04GetDistance        0x800'177b   0x4a  Code  Gb  stm32f10x_HC-SR04.o [1]
HSEStatus               0x2000'1970    0x1  Data  Lc  stm32f10x_rcc.o [1]
InitHCSR04               0x800'16a5   0xca  Code  Gb  stm32f10x_HC-SR04.o [1]
MoveDown                 0x800'0d75   0x2c  Code  Gb  app.o [1]
OSCPUUsage              0x2000'014c    0x1  Data  Gb  os_core.o [1]
OSCtxSw                  0x800'071f         Code  Gb  os_cpu_a.o [1]
OSCtxSwCtr              0x2000'015c    0x4  Data  Gb  os_core.o [1]
OSDataSize               0x800'22a4    0x2  Data  Gb  os_dbg.o [1]
OSDebugEn                0x800'0b1a    0x2  Data  Gb  os_dbg.o [1]
OSDebugInit              0x800'0b19    0x2  Code  Gb  os_dbg.o [1]
OSEndiannessTest         0x800'225c    0x4  Data  Gb  os_dbg.o [1]
OSEventEn                0x800'12e6    0x2  Data  Gb  os_dbg.o [1]
OSEventFreeList         0x2000'0160    0x4  Data  Gb  os_core.o [1]
OSEventMax               0x800'12be    0x2  Data  Gb  os_dbg.o [1]
OSEventNameSet           0x800'00ed   0x4a  Code  Gb  os_core.o [1]
OSEventNameSize          0x800'12c6    0x2  Data  Gb  os_dbg.o [1]
OSEventSize              0x800'1f02    0x2  Data  Gb  os_dbg.o [1]
OSEventTbl              0x2000'0184  0x140  Data  Gb  os_core.o [1]
OSEventTblSize           0x800'1f36    0x2  Data  Gb  os_dbg.o [1]
OSFlagEn                 0x800'1f62    0x2  Data  Gb  os_dbg.o [1]
OSFlagFreeList          0x2000'1978    0x4  Data  Gb  os_core.o [1]
OSFlagGrpSize            0x800'2222    0x2  Data  Gb  os_dbg.o [1]
OSFlagMax                0x800'2262    0x2  Data  Gb  os_dbg.o [1]
OSFlagNameSize           0x800'2264    0x2  Data  Gb  os_dbg.o [1]
OSFlagNodeSize           0x800'222e    0x2  Data  Gb  os_dbg.o [1]
OSFlagTbl               0x2000'1830   0x8c  Data  Gb  os_core.o [1]
OSFlagWidth              0x800'2260    0x2  Data  Gb  os_dbg.o [1]
OSIdleCtr               0x2000'016c    0x4  Data  Gb  os_core.o [1]
OSIdleCtrMax            0x2000'0164    0x4  Data  Gb  os_core.o [1]
OSIdleCtrRun            0x2000'0168    0x4  Data  Gb  os_core.o [1]
OSInit                   0x800'0145  0x118  Code  Gb  os_core.o [1]
OSInitHookBegin          0x800'0795    0x2  Code  Gb  os_cpu_c.o [1]
OSInitHookEnd            0x800'0797    0x2  Code  Gb  os_cpu_c.o [1]
OSIntCtxSw               0x800'0727         Code  Gb  os_cpu_a.o [1]
OSIntExit                0x800'0269   0x4a  Code  Gb  os_core.o [1]
OSIntNesting            0x2000'014e    0x1  Data  Gb  os_core.o [1]
OSLockNesting           0x2000'014f    0x1  Data  Gb  os_core.o [1]
OSLowestPrio             0x800'2266    0x2  Data  Gb  os_dbg.o [1]
OSMboxCreate             0x800'1991   0x3e  Code  Gb  os_mbox.o [1]
OSMboxEn                 0x800'2268    0x2  Data  Gb  os_dbg.o [1]
OSMboxPend               0x800'19cf   0xc4  Code  Gb  os_mbox.o [1]
OSMboxPost               0x800'1aab   0x40  Code  Gb  os_mbox.o [1]
OSMemEn                  0x800'226a    0x2  Data  Gb  os_dbg.o [1]
OSMemMax                 0x800'226c    0x2  Data  Gb  os_dbg.o [1]
OSMemNameSize            0x800'226e    0x2  Data  Gb  os_dbg.o [1]
OSMemSize                0x800'2270    0x2  Data  Gb  os_dbg.o [1]
OSMemTblSize             0x800'2272    0x2  Data  Gb  os_dbg.o [1]
OSMutexEn                0x800'2274    0x2  Data  Gb  os_dbg.o [1]
OSPrioCur               0x2000'0150    0x1  Data  Gb  os_core.o [1]
OSPrioHighRdy           0x2000'0151    0x1  Data  Gb  os_core.o [1]
OSProbe_CallbackFnct    0x2000'12b0    0x4  Data  Gb  os_probe.o [1]
OSProbe_CyclesCtr       0x2000'12b4    0x4  Data  Gb  os_probe.o [1]
OSProbe_Delay           0x2000'12ac    0x2  Data  Gb  os_probe.o [1]
OSProbe_Init             0x800'17d5   0x52  Code  Gb  os_probe.o [1]
OSProbe_SetCallback      0x800'1827    0x6  Code  Gb  os_probe.o [1]
OSProbe_SetDelay         0x800'182d    0x6  Code  Gb  os_probe.o [1]
OSProbe_Task             0x800'1889   0xc4  Code  Lc  os_probe.o [1]
OSProbe_Task::cycles_dif
                        0x2000'16e8   0x50  Data  Lc  os_probe.o [1]
OSProbe_Task::cycles_tot_last
                        0x2000'1738   0x50  Data  Lc  os_probe.o [1]
OSProbe_TaskCPUUsage    0x2000'1648   0x50  Data  Gb  os_probe.o [1]
OSProbe_TaskCreateHook   0x800'1859   0x10  Code  Gb  os_probe.o [1]
OSProbe_TaskStk         0x2000'12b8  0x200  Data  Lc  os_probe.o [1]
OSProbe_TaskStkUsage    0x2000'1698   0x50  Data  Gb  os_probe.o [1]
OSProbe_TaskSwHook       0x800'1869   0x1c  Code  Gb  os_probe.o [1]
OSProbe_TickHook         0x800'1885    0x2  Code  Gb  os_probe.o [1]
OSProbe_TimeGetCycles    0x800'1833   0x26  Code  Gb  os_probe.o [1]
OSProbe_TmrCntsPrev     0x2000'12ae    0x2  Data  Gb  os_probe.o [1]
OSProbe_TmrInit          0x800'125d   0x48  Code  Gb  bsp.o [1]
OSProbe_TmrRd            0x800'12a5    0x8  Code  Gb  bsp.o [1]
OSPtrSize                0x800'2276    0x2  Data  Gb  os_dbg.o [1]
OSQEn                    0x800'2278    0x2  Data  Gb  os_dbg.o [1]
OSQMax                   0x800'227a    0x2  Data  Gb  os_dbg.o [1]
OSQSize                  0x800'227c    0x2  Data  Gb  os_dbg.o [1]
OSRdyGrp                0x2000'0152    0x1  Data  Gb  os_core.o [1]
OSRdyTbl                0x2000'0158    0x4  Data  Gb  os_core.o [1]
OSRdyTblSize             0x800'227e    0x2  Data  Gb  os_dbg.o [1]
OSRunning               0x2000'0153    0x1  Data  Gb  os_core.o [1]
OSSemEn                  0x800'2280    0x2  Data  Gb  os_dbg.o [1]
OSStart                  0x800'02bd   0x28  Code  Gb  os_core.o [1]
OSStartHighRdy           0x800'0703         Code  Gb  os_cpu_a.o [1]
OSStatInit               0x800'02e5   0x2a  Code  Gb  os_core.o [1]
OSStatRdy               0x2000'014d    0x1  Data  Gb  os_core.o [1]
OSStkWidth               0x800'2282    0x2  Data  Gb  os_dbg.o [1]
OSTCBCur                0x2000'0170    0x4  Data  Gb  os_core.o [1]
OSTCBFreeList           0x2000'0174    0x4  Data  Gb  os_core.o [1]
OSTCBHighRdy            0x2000'0178    0x4  Data  Gb  os_core.o [1]
OSTCBInitHook            0x800'0825    0x4  Code  Gb  os_cpu_c.o [1]
OSTCBList               0x2000'017c    0x4  Data  Gb  os_core.o [1]
OSTCBPrioTbl            0x2000'18bc   0x80  Data  Gb  os_core.o [1]
OSTCBPrioTblMax          0x800'229a    0x2  Data  Gb  os_dbg.o [1]
OSTCBSize                0x800'229c    0x2  Data  Gb  os_dbg.o [1]
OSTCBTbl                0x2000'06c4  0x7e8  Data  Gb  os_core.o [1]
OSTaskCreateEn           0x800'2284    0x2  Data  Gb  os_dbg.o [1]
OSTaskCreateExt          0x800'08f9   0x9e  Code  Gb  os_task.o [1]
OSTaskCreateExtEn        0x800'2286    0x2  Data  Gb  os_dbg.o [1]
OSTaskCreateHook         0x800'0799    0x4  Code  Gb  os_cpu_c.o [1]
OSTaskCtr               0x2000'0154    0x1  Data  Gb  os_core.o [1]
OSTaskDelEn              0x800'2288    0x2  Data  Gb  os_dbg.o [1]
OSTaskIdleHook           0x800'079d    0x4  Code  Gb  os_cpu_c.o [1]
OSTaskIdleStk           0x2000'04c4  0x200  Data  Gb  os_core.o [1]
OSTaskIdleStkSize        0x800'228a    0x2  Data  Gb  os_dbg.o [1]
OSTaskMax                0x800'228e    0x2  Data  Gb  os_dbg.o [1]
OSTaskNameSet            0x800'09a1   0x60  Code  Gb  os_task.o [1]
OSTaskNameSize           0x800'2290    0x2  Data  Gb  os_dbg.o [1]
OSTaskProfileEn          0x800'228c    0x2  Data  Gb  os_dbg.o [1]
OSTaskStatEn             0x800'2292    0x2  Data  Gb  os_dbg.o [1]
OSTaskStatHook           0x800'07a1    0x4  Code  Gb  os_cpu_c.o [1]
OSTaskStatStk           0x2000'02c4  0x200  Data  Gb  os_core.o [1]
OSTaskStatStkChkEn       0x800'2296    0x2  Data  Gb  os_dbg.o [1]
OSTaskStatStkSize        0x800'2294    0x2  Data  Gb  os_dbg.o [1]
OSTaskStkChk             0x800'0a01   0x64  Code  Gb  os_task.o [1]
OSTaskStkInit            0x800'07a5   0x7c  Code  Gb  os_cpu_c.o [1]
OSTaskSuspend            0x800'0a6b   0x6a  Code  Gb  os_task.o [1]
OSTaskSwHook             0x800'0821    0x4  Code  Gb  os_cpu_c.o [1]
OSTaskSwHookEn           0x800'2298    0x2  Data  Gb  os_dbg.o [1]
OSTickStepState         0x2000'0155    0x1  Data  Gb  os_core.o [1]
OSTicksPerSec            0x800'229e    0x2  Data  Gb  os_dbg.o [1]
OSTime                  0x2000'0180    0x4  Data  Gb  os_core.o [1]
OSTimeDly                0x800'0b1d   0x42  Code  Gb  os_time.o [1]
OSTimeDlyHMSM            0x800'0b5f   0x4e  Code  Gb  os_time.o [1]
OSTimeTick               0x800'0317   0x88  Code  Gb  os_core.o [1]
OSTimeTickHook           0x800'0829    0x4  Code  Gb  os_cpu_c.o [1]
OSTimeTickHookEn         0x800'22a0    0x2  Data  Gb  os_dbg.o [1]
OSUnMapTbl               0x800'207c  0x100  Data  Gb  os_core.o [1]
OSVersionNbr             0x800'22a2    0x2  Data  Gb  os_dbg.o [1]
OS_CPU_PendSVHandler     0x800'072f         Code  Gb  os_cpu_a.o [1]
OS_CPU_SR_Restore        0x800'06fd         Code  Gb  os_cpu_a.o [1]
OS_CPU_SR_Save           0x800'06f5         Code  Gb  os_cpu_a.o [1]
OS_CPU_SysTickClkFreq    0x800'120b    0x2  Code  Gb  bsp.o [1]
OS_CPU_SysTickHandler    0x800'082d   0x1e  Code  Gb  os_cpu_c.o [1]
OS_CPU_SysTickInit       0x800'084b   0x26  Code  Gb  os_cpu_c.o [1]
OS_EventTaskRdy          0x800'039f   0x68  Code  Gb  os_core.o [1]
OS_EventTaskRemove       0x800'044f   0x20  Code  Gb  os_core.o [1]
OS_EventTaskRemoveMulti
                         0x800'046f   0x2c  Code  Gb  os_core.o [1]
OS_EventTaskWait         0x800'0407   0x28  Code  Gb  os_core.o [1]
OS_EventWaitListInit     0x800'049b    0xc  Code  Gb  os_core.o [1]
OS_FlagInit              0x800'08b9   0x36  Code  Gb  os_flag.o [1]
OS_MemClr                0x800'04a7    0xa  Code  Gb  os_core.o [1]
OS_Sched                 0x800'04b1   0x38  Code  Gb  os_core.o [1]
OS_SchedNew              0x800'04f1   0x18  Code  Lc  os_core.o [1]
OS_StrCopy               0x800'0509   0x20  Code  Gb  os_core.o [1]
OS_StrLen                0x800'0529   0x14  Code  Gb  os_core.o [1]
OS_TCBInit               0x800'05e3   0xe4  Code  Gb  os_core.o [1]
OS_TaskIdle              0x800'0541   0x18  Code  Gb  os_core.o [1]
OS_TaskStat              0x800'0559   0x54  Code  Gb  os_core.o [1]
OS_TaskStatStkChk        0x800'05ad   0x36  Code  Gb  os_core.o [1]
OS_TaskStkClr            0x800'0b05   0x14  Code  Gb  os_task.o [1]
PrintBrick               0x800'0c65   0x62  Code  Gb  app.o [1]
ProbeCom_EndiannessTest
                        0x2000'1950    0x4  Data  Lc  probe_com.o [1]
ProbeCom_ErrPktCtr      0x2000'194c    0x4  Data  Gb  probe_com.o [1]
ProbeCom_InfoHndlr      0x2000'1954    0x4  Data  Lc  probe_com.o [1]
ProbeCom_Init            0x800'1971   0x18  Code  Gb  probe_com.o [1]
ProbeCom_RxPktCtr       0x2000'193c    0x4  Data  Gb  probe_com.o [1]
ProbeCom_TxPktCtr       0x2000'1940    0x4  Data  Gb  probe_com.o [1]
ProbeCom_TxSymByteCtr   0x2000'1948    0x4  Data  Gb  probe_com.o [1]
ProbeCom_TxSymCtr       0x2000'1944    0x4  Data  Gb  probe_com.o [1]
ProcessKey               0x800'0c27   0x3e  Code  Gb  app.o [1]
RCC_ADCCLKConfig         0x800'148d    0xa  Code  Gb  stm32f10x_rcc.o [1]
RCC_APB1PeriphClockCmd   0x800'151d   0x14  Code  Gb  stm32f10x_rcc.o [1]
RCC_APB1PeriphResetCmd   0x800'1545   0x14  Code  Gb  stm32f10x_rcc.o [1]
RCC_APB2PeriphClockCmd   0x800'1509   0x14  Code  Gb  stm32f10x_rcc.o [1]
RCC_APB2PeriphResetCmd   0x800'1531   0x14  Code  Gb  stm32f10x_rcc.o [1]
RCC_DeInit               0x800'13b9   0x32  Code  Gb  stm32f10x_rcc.o [1]
RCC_GetClocksFreq        0x800'1499   0x70  Code  Gb  stm32f10x_rcc.o [1]
RCC_GetFlagStatus        0x800'1559   0x22  Code  Gb  stm32f10x_rcc.o [1]
RCC_HCLKConfig           0x800'1465    0xa  Code  Gb  stm32f10x_rcc.o [1]
RCC_HSEConfig            0x800'13eb   0x34  Code  Gb  stm32f10x_rcc.o [1]
RCC_PCLK1Config          0x800'146f    0x8  Code  Gb  stm32f10x_rcc.o [1]
RCC_PCLK2Config          0x800'147d    0x8  Code  Gb  stm32f10x_rcc.o [1]
RCC_PLLCmd               0x800'145f    0x6  Code  Gb  stm32f10x_rcc.o [1]
RCC_PLLConfig            0x800'144f   0x10  Code  Gb  stm32f10x_rcc.o [1]
RCC_WaitForHSEStartUp    0x800'141f   0x30  Code  Gb  stm32f10x_rcc.o [1]
Region$$Table$$Base      0x800'21dc          --   Gb  - Linker created -
Region$$Table$$Limit     0x800'21fc          --   Gb  - Linker created -
Shape                   0x2000'0000   0x10  Data  Gb  app.o [1]
StartUpCounter          0x2000'1974    0x4  Data  Lc  stm32f10x_rcc.o [1]
TI1_Config               0x800'1ea3   0x2e  Code  Lc  stm32f10x_tim.o [1]
TI2_Config               0x800'1ed1   0x32  Code  Lc  stm32f10x_tim.o [1]
TIM_ClearFlag            0x800'1e9b    0x2  Code  Gb  stm32f10x_tim.o [1]
TIM_Cmd                  0x800'1dfd   0x14  Code  Gb  stm32f10x_tim.o [1]
TIM_CtrlPWMOutputs       0x800'1e11   0x16  Code  Gb  stm32f10x_tim.o [1]
TIM_DeInit               0x800'1c0d   0xb8  Code  Gb  stm32f10x_tim.o [1]
TIM_GetCapture1          0x800'1e81    0x4  Code  Gb  stm32f10x_tim.o [1]
TIM_GetCapture2          0x800'1e85    0x4  Code  Gb  stm32f10x_tim.o [1]
TIM_GetCounter           0x800'1e89    0x4  Code  Gb  stm32f10x_tim.o [1]
TIM_GetFlagStatus        0x800'1e8d    0xe  Code  Gb  stm32f10x_tim.o [1]
TIM_OC3Init              0x800'1cf7   0x6c  Code  Gb  stm32f10x_tim.o [1]
TIM_OCStructInit         0x800'1de9   0x14  Code  Gb  stm32f10x_tim.o [1]
TIM_PWMIConfig           0x800'1d81   0x48  Code  Gb  stm32f10x_tim.o [1]
TIM_PrescalerConfig      0x800'1e27    0x6  Code  Gb  stm32f10x_tim.o [1]
TIM_SelectInputTrigger   0x800'1e2d    0xa  Code  Gb  stm32f10x_tim.o [1]
TIM_SelectMasterSlaveMode
                         0x800'1e4f    0x6  Code  Gb  stm32f10x_tim.o [1]
TIM_SetCounter           0x800'1e61    0x4  Code  Gb  stm32f10x_tim.o [1]
TIM_SetIC1Prescaler      0x800'1e65    0xe  Code  Gb  stm32f10x_tim.o [1]
TIM_SetIC2Prescaler      0x800'1e73    0xe  Code  Gb  stm32f10x_tim.o [1]
TIM_TimeBaseInit         0x800'1cc5   0x32  Code  Gb  stm32f10x_tim.o [1]
TestFull                 0x800'0d01   0x74  Code  Gb  app.o [1]
__aeabi_fdiv             0x800'1f81         Code  Gb  FltDiv.o [3]
__aeabi_llsr             0x800'12c9         Code  Gb  U64Shr.o [4]
__aeabi_memclr           0x800'0879         Code  Gb  ABImemclr.o [4]
__aeabi_memclr4          0x800'12c1         Code  Gb  ABImemclr4.o [4]
__aeabi_ui2f             0x800'1f65         Code  Gb  U32ToFlt.o [3]
__cmain                  0x800'21fd         Code  Gb  cmain.o [4]
__exit                   0x800'2231   0x14  Code  Gb  exit.o [5]
__iar_Memset4_word       0x800'1f05         Code  Gb  ABImemset48.o [4]
__iar_Memset8_word       0x800'1f05         Code  Gb  ABImemset48.o [4]
__iar_data_init3         0x800'21b5   0x28  Code  Gb  data_init.o [4]
__iar_packbits_init_single3
                         0x800'217d   0x38  Code  Gb  packbits_init_single.o [4]
__iar_program_start      0x800'2251         Code  Gb  cstartup_M.o [4]
__iar_small_Memset       0x800'12ad         Code  Gb  ABImemset_small.o [4]
__iar_small_Memset_word
                         0x800'12ad         Code  Gb  ABImemset_small.o [4]
__iar_small_memset       0x800'12ad         Code  Gb  ABImemset_small.o [4]
__iar_zero_init3         0x800'087f   0x3a  Code  Gb  zero_init3.o [4]
__low_level_init         0x800'221b    0x4  Code  Gb  low_level_init.o [2]
__vector_table           0x800'0000   0xec  Data  Gb  app_vect_v5.o [1]
_call_main               0x800'2209         Code  Gb  cmain.o [4]
_exit                    0x800'2225         Code  Gb  cexit.o [4]
_main                    0x800'2217         Code  Gb  cmain.o [4]
board                   0x2000'14b8  0x190  Data  Gb  app.o [1]
disp1ay                 0x2000'001c  0x130  Data  Gb  app.o [1]
exit                     0x800'221f    0x4  Code  Gb  exit.o [2]
main                     0x800'0e51   0x7e  Code  Gb  app.o [1]
max_init                 0x800'0dff   0x2c  Code  Gb  app.o [1]
nx                      0x2000'0010    0x4  Data  Gb  app.o [1]
ny                      0x2000'0014    0x4  Data  Gb  app.o [1]
write_byte               0x800'0da1   0x36  Code  Gb  app.o [1]
write_max                0x800'0dd7   0x28  Code  Gb  app.o [1]


[1] = C:\Baby\test02\exam\ett\Micrium\Software\EvalBoards\ST\STM3210B-EVAL\IAR\OS-Probe\Flash\Obj
[2] = dl7M_tln.a
[3] = m7M_tl.a
[4] = rt7M_tl.a
[5] = shb_l.a

  8'254 bytes of readonly  code memory
    871 bytes of readonly  data memory
  6'780 bytes of readwrite data memory

Errors: none
Warnings: none
